// Jest Snapshot v1, https://goo.gl/fbAQLP

exports[`pruebas en <CounterApp /> debe hacer match con el el snappshot 1`] = `
<div>
  <h1>
     Counter App
  </h1>
  <h3>
     
    10
  </h3>
  <button>
     Contador 
  </button>
  <h2>
     
    10
  </h2>
</div>
`;
