// Jest Snapshot v1, https://goo.gl/fbAQLP

exports[`pruebas en <FirstApp /> debe hacer match con el snapshot 1`] = `
<div>
  <h1
    data-testid="test-title"
    style="text-align: center;"
  >
    Hola, soy el Sr Goku
  </h1>
  <p />
  <p />
  <p
    style="text-align: center;"
  >
    Soy un titulo !!
  </p>
  <p
    style="text-align: right;"
  >
    David Oleas
  </p>
</div>
`;
