// Jest Snapshot v1, https://goo.gl/fbAQLP

exports[`pruebas en <FirstApp /> Debe hacer match con el snapshot 1`] = `
<div>
  <h1
    style="text-align: center;"
  >
    Hola, soy el Sr Goku
  </h1>
  <h3
    style="text-align: center;"
  >
    Hola soy un subtitulo
  </h3>
  <p
    style="text-align: center;"
  >
    Soy un titulo !!
  </p>
  <p
    style="text-align: right;"
  >
    David Oleas
  </p>
</div>
`;
